Retrieving blockchain parameters from the seed node 192.168.1.67:4355 ...
Other nodes can connect to this node using:
multichaind mug@192.168.1.196:4355

Node started
